// Jest Snapshot v1, https://goo.gl/fbAQLP

exports[`c-boat-search-form TODO: test case generated by CLI command, please fill in test logic 1`] = `
<c-boat-search-form>
  #shadow-root(open)
    <lightning-layout>
      #shadow-root(open)
        <slot />
      <lightning-layout-item
        class="slds-align-middle slds-align_absolute-center"
      >
        #shadow-root(open)
          <slot />
        <lightning-combobox
          class="slds-align-middle"
        >
          #shadow-root(open)
        </lightning-combobox>
      </lightning-layout-item>
    </lightning-layout>
</c-boat-search-form>
`;
