// Jest Snapshot v1, https://goo.gl/fbAQLP

exports[`c-boat-add-review-form TODO: test case generated by CLI command, please fill in test logic 1`] = `
<c-boat-add-review-form>
  #shadow-root(open)
    <lightning-card>
      #shadow-root(open)
        <slot />
        <slot
          name="actions"
        />
        <slot
          name="footer"
        />
        <slot
          name="title"
        />
      <lightning-record-edit-form>
        #shadow-root(open)
          <slot />
        <lightning-input-field>
          #shadow-root(open)
        </lightning-input-field>
        <lightning-layout>
          #shadow-root(open)
            <slot />
          <lightning-layout-item>
            #shadow-root(open)
              <slot />
            <label
              class="slds-form-element__label"
              for="record-name-0"
            >
              Review Subject
            </label>
            <div
              class="slds-form-element"
            >
              <lightning-input-field>
                #shadow-root(open)
              </lightning-input-field>
            </div>
          </lightning-layout-item>
          <lightning-layout-item>
            #shadow-root(open)
              <slot />
            <div
              class="slds-form-element"
            >
              <label
                class="slds-form-element__label"
                for="record-name-0"
              >
                Rating
              </label>
              <div
                class="slds-form-element__control"
              >
                <c-five-star-rating>
                  #shadow-root(open)
                </c-five-star-rating>
              </div>
            </div>
          </lightning-layout-item>
          <lightning-layout-item>
            #shadow-root(open)
              <slot />
            <lightning-textarea>
              #shadow-root(open)
            </lightning-textarea>
          </lightning-layout-item>
        </lightning-layout>
        <div
          class="slds-align_absolute-center"
          style="margin-top: 5px;"
        >
          <lightning-button>
            #shadow-root(open)
          </lightning-button>
        </div>
      </lightning-record-edit-form>
    </lightning-card>
</c-boat-add-review-form>
`;
